// Jest Snapshot v1, https://goo.gl/fbAQLP

exports[`Given a ClientApp should match the snapshot 1`] = `
<DocumentFragment>
  <div>
    TEST APP COMPONENT 
  </div>
</DocumentFragment>
`;
