// Jest Snapshot v1, https://goo.gl/fbAQLP

exports[`Components - Link:  should match snapshot 1`] = `[Function]`;
