// Jest Snapshot v1, https://goo.gl/fbAQLP

exports[`AutoComplete component:  Li:  should match the snapshot  1`] = `
<DocumentFragment>
  .c0.c0 {
  -webkit-box-flex: 0;
  -webkit-flex-grow: 0;
  -ms-flex-positive: 0;
  flex-grow: 0;
  padding: 1rem;
  padding-left: 0;
}

.c0.c0:hover {
  -webkit-text-decoration: underline;
  text-decoration: underline;
}

.c0.c0 a {
  color: #000000;
  -webkit-text-decoration: none;
  text-decoration: none;
  margin: 0.125rem 0;
  display: inline-block;
  padding-top: 150%;
  margin: 0;
  height: 0px;
  position: relative;
  width: 100%;
  background: #f7f7f7;
  font-size: 0.875rem;
  -webkit-letter-spacing: 0.12px;
  -moz-letter-spacing: 0.12px;
  -ms-letter-spacing: 0.12px;
  letter-spacing: 0.12px;
  line-height: 1.5;
}

.c0.c0 a img {
  position: absolute;
  top: 0;
  right: 0;
  left: 0;
  height: 100%;
  width: 100%;
}

.c0.c0 a:hover {
  -webkit-text-decoration: underline;
  text-decoration: underline;
  padding-left: 0;
}

.c0.c0 a h5 {
  -webkit-align-self: flex-start;
  -ms-flex-item-align: start;
  align-self: flex-start;
  margin: 0;
  font-family: "AzoSansMedium","Helvetica Neue",Arial,sans-serif;
}

<li
    class="c0"
  />
</DocumentFragment>
`;

exports[`AutoComplete component:  Ul:  should match the snapshot  1`] = `
<DocumentFragment>
  .c0 {
  margin: 0;
  padding: 0;
  list-style: none;
  display: -webkit-box;
  display: -webkit-flex;
  display: -ms-flexbox;
  display: flex;
  width: 100%;
  overflow-x: scroll;
  -ms-overflow-style: none;
  -webkit-scrollbar-width: none;
  -moz-scrollbar-width: none;
  -ms-scrollbar-width: none;
  scrollbar-width: none;
}

.c0::-webkit-scrollbar {
  display: none;
}

.c0 li {
  max-width: calc(1000px / (8));
  -webkit-flex-basis: calc(1000px / (8));
  -ms-flex-preferred-size: calc(1000px / (8));
  flex-basis: calc(1000px / (8));
}

@media (min-width:768px) {
  .c0 {
    overflow-x: initial;
  }
}

@media (max-width:399px) {
  .c0 li:nth-child(n + 9) {
    display: none;
  }
}

@media (max-width:767px) {
  .c0 li {
    min-width: 125px;
  }
}

@media (min-width:400px) and (max-width:767px) {
  .c0 li {
    max-width: calc(100% / 8);
    -webkit-flex-basis: calc(100% / 8);
    -ms-flex-preferred-size: calc(100% / 8);
    flex-basis: calc(100% / 8);
  }

  .c0 li:nth-child(n + 9) {
    display: none;
  }
}

@media (min-width:768px) and (max-width:1023px) {
  .c0 li {
    max-width: calc(100% / 4);
    -webkit-flex-basis: calc(100% / 4);
    -ms-flex-preferred-size: calc(100% / 4);
    flex-basis: calc(100% / 4);
  }

  .c0 li:nth-child(n + 5) {
    display: none;
  }
}

@media (min-width:1024px) and (max-width:1279px) {
  .c0 li {
    max-width: calc(100% / 4);
    -webkit-flex-basis: calc(100% / 4);
    -ms-flex-preferred-size: calc(100% / 4);
    flex-basis: calc(100% / 4);
  }

  .c0 li:nth-child(n + 5) {
    display: none;
  }
}

@media (min-width:1280px) {
  .c0 li {
    max-width: calc(100% / 5);
    -webkit-flex-basis: calc(100% / 5);
    -ms-flex-preferred-size: calc(100% / 5);
    flex-basis: calc(100% / 5);
  }

  .c0 li:nth-child(n + 6) {
    display: none;
  }
}

<ul
    class="c0"
  />
</DocumentFragment>
`;
