// Jest Snapshot v1, https://goo.gl/fbAQLP

exports[`Snapshots - Sort StyledMenuContainer 1`] = `
<DocumentFragment>
  .c0 {
  -webkit-flex: 1;
  -ms-flex: 1;
  flex: 1;
}

<div
    class="c0"
  >
    Test
  </div>
</DocumentFragment>
`;
