// Jest Snapshot v1, https://goo.gl/fbAQLP

exports[`Model - settings:  should match the SettingsSdkKeys 1`] = `
Object {
  "CorrelationHeaderName": "x-monorepo-correlation-id",
  "appCache": "meganav.frontend.appCacheTTL",
  "cacheControl": "meganav.frontend.cache-control.max-age",
  "cacheControlFallbackMeganav": "meganav.frontend.cache-control.fallback-meganav.max-age",
  "defaultPrimaryConfig": "meganav.frontend.defaultPrimaryConfig",
  "defaultSecondaryConfig": "meganav.frontend.defaultSecondaryConfig",
  "direction": "meganav.api.direction",
  "imagePlaceHolder": "meganav.frontend.ImagePlaceholder",
  "language": "meganav.api.languageName",
  "languageId": "meganav.alternativeLanguages",
  "realm": "meganav.api.realmName",
  "secondaryMeganavCacheControl": "meganav.frontend.cache-control.secondary-meganav.max-age",
  "template": "meganav.frontend.template",
  "territory": "meganav.api.territoryName",
  "textData": "meganav.frontend.textData",
  "themeVersion": "meganav.frontend.themeVersion",
}
`;
