// Jest Snapshot v1, https://goo.gl/fbAQLP

exports[`Components - Overlay:  should match the snapshot 1`] = `<DocumentFragment />`;
