// Jest Snapshot v1, https://goo.gl/fbAQLP

exports[`Components - SocialMedia:   - conditional elements should match the snapshot template when accessibilityText is null in the elements 1`] = `
<DocumentFragment>
  <div
    class="MuiGrid-root MuiGrid-container MuiGrid-item MuiGrid-align-items-xs-center MuiGrid-justify-xs-center MuiGrid-grid-xs-12"
  >
    <h5
      class="MuiTypography-root components__SocialTitle-sc-1h8wyu0-0 eqGyQA MuiTypography-h5"
    >
      Our Social Networks
    </h5>
  </div>
</DocumentFragment>
`;

exports[`Components - SocialMedia:   - conditional elements should match the snapshot template when url and accessibilityText is null in the elements 1`] = `
<DocumentFragment>
  <div
    class="MuiGrid-root MuiGrid-container MuiGrid-item MuiGrid-align-items-xs-center MuiGrid-justify-xs-center MuiGrid-grid-xs-12"
  >
    <h5
      class="MuiTypography-root components__SocialTitle-sc-1h8wyu0-0 eqGyQA MuiTypography-h5"
    >
      Our Social Networks
    </h5>
  </div>
</DocumentFragment>
`;

exports[`Components - SocialMedia:   - conditional elements should match the snapshot template when url is null in the elements 1`] = `
<DocumentFragment>
  <div
    class="MuiGrid-root MuiGrid-container MuiGrid-item MuiGrid-align-items-xs-center MuiGrid-justify-xs-center MuiGrid-grid-xs-12"
  >
    <h5
      class="MuiTypography-root components__SocialTitle-sc-1h8wyu0-0 eqGyQA MuiTypography-h5"
    >
      Our Social Networks
    </h5>
  </div>
</DocumentFragment>
`;

exports[`Components - SocialMedia:  should match the snapshot template 1`] = `
<DocumentFragment>
  <div
    class="MuiGrid-root MuiGrid-container MuiGrid-item MuiGrid-align-items-xs-center MuiGrid-justify-xs-center MuiGrid-grid-xs-12"
  >
    <h5
      class="MuiTypography-root components__SocialTitle-sc-1h8wyu0-0 eqGyQA MuiTypography-h5"
    >
      Our Social Networks
    </h5>
    <a
      aria-label="Amido Official Facebook page (opens in a new window)"
      class="MuiTypography-root MuiLink-root MuiLink-underlineHover MuiTypography-colorPrimary"
      data-testid="footer-social-media-facebook"
      href="https://www.facebook.com/amidoofficial"
      target="_blank"
    >
      <img
        aria-hidden="true"
        class="components__SocialLinkIcon-sc-1h8wyu0-1 gLhcnT"
        src="/static-content/icons/footer/amido/default/icon-social-facebook.svg"
      />
    </a>
    <a
      aria-label="Amido Official Twitter page (opens in a new window)"
      class="MuiTypography-root MuiLink-root MuiLink-underlineHover MuiTypography-colorPrimary"
      data-testid="footer-social-media-twitter"
      href="https://www.twitter.com/amidoofficial"
      target="_blank"
    >
      <img
        aria-hidden="true"
        class="components__SocialLinkIcon-sc-1h8wyu0-1 gLhcnT"
        src="/static-content/icons/footer/amido/default/icon-social-twitter.svg"
      />
    </a>
    <a
      aria-label="Amido Official Instagram page (opens in a new window)"
      class="MuiTypography-root MuiLink-root MuiLink-underlineHover MuiTypography-colorPrimary"
      data-testid="footer-social-media-instagram"
      href="https://instagram.com/amidoofficial"
      target="_blank"
    >
      <img
        aria-hidden="true"
        class="components__SocialLinkIcon-sc-1h8wyu0-1 gLhcnT"
        src="/static-content/icons/footer/amido/default/icon-social-instagram.svg"
      />
    </a>
    <a
      aria-label="pinterest"
      class="MuiTypography-root MuiLink-root MuiLink-underlineHover MuiTypography-colorPrimary"
      data-testid="footer-social-media-pinterest"
      href="pinterest.com/amidoofficial"
      target="_blank"
    >
      <img
        aria-hidden="true"
        class="components__SocialLinkIcon-sc-1h8wyu0-1 gLhcnT"
        src="/static-content/icons/footer/amido/default/icon-social-pinterest.svg"
      />
    </a>
    <a
      aria-label="Amido Shopping Youtube page (opens in a new window)"
      class="MuiTypography-root MuiLink-root MuiLink-underlineHover MuiTypography-colorPrimary"
      data-testid="footer-social-media-youtube"
      href="https://www.youtube.com/user/amidoshopping"
      target="_blank"
    >
      <img
        aria-hidden="true"
        class="components__SocialLinkIcon-sc-1h8wyu0-1 gLhcnT"
        src="/static-content/icons/footer/amido/default/icon-social-youtube.svg"
      />
    </a>
  </div>
</DocumentFragment>
`;
