// Jest Snapshot v1, https://goo.gl/fbAQLP

exports[`Brand components:  Brand:  should match the snapshot  1`] = `
<DocumentFragment>
  .c0 a,
.c0 img {
  display: block;
  width: 100%;
  height: 2.75rem;
  width: 5.375rem;
  font-size: 0.9375rem;
}

@media (min-width:768px) {
  .c0 a,
  .c0 img {
    height: 2.75rem;
    width: 5.375rem;
  }
}

@media (min-width:1024px) {
  .c0 a,
  .c0 img {
    height: 2.75rem;
    width: 5.375rem;
  }
}

<div
    class="c0"
  />
</DocumentFragment>
`;
