// Jest Snapshot v1, https://goo.gl/fbAQLP

exports[`Facets - Feats:  should match the snapshot  1`] = `
<DocumentFragment>
  .c0 {
  padding: 0.5625rem 0;
  border-bottom: 0.0625rem solid #d1d1d1;
}

<div
    class="c0"
  >
    <div>
      Facets
    </div>
  </div>
</DocumentFragment>
`;
