// Jest Snapshot v1, https://goo.gl/fbAQLP

exports[` components:  QuickLinks:  should match the snapshot  1`] = `
<DocumentFragment>
  .c0 {
  -webkit-align-items: center;
  -webkit-box-align: center;
  -ms-flex-align: center;
  align-items: center;
  display: -webkit-box;
  display: -webkit-flex;
  display: -ms-flexbox;
  display: flex;
  margin: 0;
  padding: 0;
  -webkit-flex-shrink: 0;
  -ms-flex-negative: 0;
  flex-shrink: 0;
}

<ul
    class="c0"
  />
</DocumentFragment>
`;
